
> budget-planner@1.0.0 build
> tsc -b && vite build

src/hooks/useDebts.ts(113,17): error TS2561: Object literal may only specify known properties, but 'paymentMethod' does not exist in type 'Transaction'. Did you mean to write 'paymentMethodId'?
